------------------------------------------------------------
TimeQuest Timing Analyzer Summary
------------------------------------------------------------

Type  : Slow 1200mV 85C Model Setup 'clk'
Slack : -3.047
TNS   : -33.717

Type  : Slow 1200mV 85C Model Hold 'clk'
Slack : 0.343
TNS   : 0.000

Type  : Slow 1200mV 85C Model Recovery 'clk'
Slack : -1.497
TNS   : -37.111

Type  : Slow 1200mV 85C Model Removal 'clk'
Slack : 1.328
TNS   : 0.000

Type  : Slow 1200mV 85C Model Minimum Pulse Width 'clk'
Slack : -3.000
TNS   : -37.000

Type  : Slow 1200mV 0C Model Setup 'clk'
Slack : -2.553
TNS   : -26.855

Type  : Slow 1200mV 0C Model Hold 'clk'
Slack : 0.299
TNS   : 0.000

Type  : Slow 1200mV 0C Model Recovery 'clk'
Slack : -1.311
TNS   : -31.949

Type  : Slow 1200mV 0C Model Removal 'clk'
Slack : 1.268
TNS   : 0.000

Type  : Slow 1200mV 0C Model Minimum Pulse Width 'clk'
Slack : -3.000
TNS   : -37.000

Type  : Fast 1200mV 0C Model Setup 'clk'
Slack : -1.279
TNS   : -7.435

Type  : Fast 1200mV 0C Model Hold 'clk'
Slack : 0.178
TNS   : 0.000

Type  : Fast 1200mV 0C Model Recovery 'clk'
Slack : -1.089
TNS   : -28.652

Type  : Fast 1200mV 0C Model Removal 'clk'
Slack : 1.370
TNS   : 0.000

Type  : Fast 1200mV 0C Model Minimum Pulse Width 'clk'
Slack : -3.000
TNS   : -47.840

------------------------------------------------------------
